Archive member included to satisfy reference by file (symbol)

c:/st/stm32cubeide_1.7.0/stm32cubeide/plugins/com.st.stm32cube.ide.mcu.externaltools.gnu-tools-for-stm32.9-2020-q2-update.win32_2.0.0.202105311346/tools/bin/../lib/gcc/arm-none-eabi/9.3.1/../../../../arm-none-eabi/lib/thumb/v7e-m+dp/hard\libc_nano.a(lib_a-errno.o)
                              ./Core/Src/syscalls.o (__errno)
c:/st/stm32cubeide_1.7.0/stm32cubeide/plugins/com.st.stm32cube.ide.mcu.externaltools.gnu-tools-for-stm32.9-2020-q2-update.win32_2.0.0.202105311346/tools/bin/../lib/gcc/arm-none-eabi/9.3.1/../../../../arm-none-eabi/lib/thumb/v7e-m+dp/hard\libc_nano.a(lib_a-exit.o)
                              c:/st/stm32cubeide_1.7.0/stm32cubeide/plugins/com.st.stm32cube.ide.mcu.externaltools.gnu-tools-for-stm32.9-2020-q2-update.win32_2.0.0.202105311346/tools/bin/../lib/gcc/arm-none-eabi/9.3.1/../../../../arm-none-eabi/lib/thumb/v7e-m+dp/hard/crt0.o (exit)
c:/st/stm32cubeide_1.7.0/stm32cubeide/plugins/com.st.stm32cube.ide.mcu.externaltools.gnu-tools-for-stm32.9-2020-q2-update.win32_2.0.0.202105311346/tools/bin/../lib/gcc/arm-none-eabi/9.3.1/../../../../arm-none-eabi/lib/thumb/v7e-m+dp/hard\libc_nano.a(lib_a-impure.o)
                              c:/st/stm32cubeide_1.7.0/stm32cubeide/plugins/com.st.stm32cube.ide.mcu.externaltools.gnu-tools-for-stm32.9-2020-q2-update.win32_2.0.0.202105311346/tools/bin/../lib/gcc/arm-none-eabi/9.3.1/../../../../arm-none-eabi/lib/thumb/v7e-m+dp/hard\libc_nano.a(lib_a-exit.o) (_global_impure_ptr)
c:/st/stm32cubeide_1.7.0/stm32cubeide/plugins/com.st.stm32cube.ide.mcu.externaltools.gnu-tools-for-stm32.9-2020-q2-update.win32_2.0.0.202105311346/tools/bin/../lib/gcc/arm-none-eabi/9.3.1/../../../../arm-none-eabi/lib/thumb/v7e-m+dp/hard\libc_nano.a(lib_a-init.o)
                              c:/st/stm32cubeide_1.7.0/stm32cubeide/plugins/com.st.stm32cube.ide.mcu.externaltools.gnu-tools-for-stm32.9-2020-q2-update.win32_2.0.0.202105311346/tools/bin/../lib/gcc/arm-none-eabi/9.3.1/../../../../arm-none-eabi/lib/thumb/v7e-m+dp/hard/crt0.o (__libc_init_array)
c:/st/stm32cubeide_1.7.0/stm32cubeide/plugins/com.st.stm32cube.ide.mcu.externaltools.gnu-tools-for-stm32.9-2020-q2-update.win32_2.0.0.202105311346/tools/bin/../lib/gcc/arm-none-eabi/9.3.1/../../../../arm-none-eabi/lib/thumb/v7e-m+dp/hard\libc_nano.a(lib_a-memset.o)
                              c:/st/stm32cubeide_1.7.0/stm32cubeide/plugins/com.st.stm32cube.ide.mcu.externaltools.gnu-tools-for-stm32.9-2020-q2-update.win32_2.0.0.202105311346/tools/bin/../lib/gcc/arm-none-eabi/9.3.1/../../../../arm-none-eabi/lib/thumb/v7e-m+dp/hard/crt0.o (memset)
c:/st/stm32cubeide_1.7.0/stm32cubeide/plugins/com.st.stm32cube.ide.mcu.externaltools.gnu-tools-for-stm32.9-2020-q2-update.win32_2.0.0.202105311346/tools/bin/../lib/gcc/arm-none-eabi/9.3.1/thumb/v7e-m+dp/hard\libgcc.a(_aeabi_uldivmod.o)
                              ./Drivers/STM32H7xx_HAL_Driver/Src/stm32h7xx_hal_uart.o (__aeabi_uldivmod)
c:/st/stm32cubeide_1.7.0/stm32cubeide/plugins/com.st.stm32cube.ide.mcu.externaltools.gnu-tools-for-stm32.9-2020-q2-update.win32_2.0.0.202105311346/tools/bin/../lib/gcc/arm-none-eabi/9.3.1/thumb/v7e-m+dp/hard\libgcc.a(_udivmoddi4.o)
                              c:/st/stm32cubeide_1.7.0/stm32cubeide/plugins/com.st.stm32cube.ide.mcu.externaltools.gnu-tools-for-stm32.9-2020-q2-update.win32_2.0.0.202105311346/tools/bin/../lib/gcc/arm-none-eabi/9.3.1/thumb/v7e-m+dp/hard\libgcc.a(_aeabi_uldivmod.o) (__udivmoddi4)
c:/st/stm32cubeide_1.7.0/stm32cubeide/plugins/com.st.stm32cube.ide.mcu.externaltools.gnu-tools-for-stm32.9-2020-q2-update.win32_2.0.0.202105311346/tools/bin/../lib/gcc/arm-none-eabi/9.3.1/thumb/v7e-m+dp/hard\libgcc.a(_dvmd_tls.o)
                              c:/st/stm32cubeide_1.7.0/stm32cubeide/plugins/com.st.stm32cube.ide.mcu.externaltools.gnu-tools-for-stm32.9-2020-q2-update.win32_2.0.0.202105311346/tools/bin/../lib/gcc/arm-none-eabi/9.3.1/thumb/v7e-m+dp/hard\libgcc.a(_aeabi_uldivmod.o) (__aeabi_ldiv0)

Allocating common symbols
Common symbol       size              file

huart3              0x90              ./Core/Src/main.o
hpcd_USB_OTG_FS     0x408             ./Core/Src/main.o
uwTick              0x4               ./Drivers/STM32H7xx_HAL_Driver/Src/stm32h7xx_hal.o
pFlash              0x1c              ./Drivers/STM32H7xx_HAL_Driver/Src/stm32h7xx_hal_flash.o
heth                0x88              ./Core/Src/main.o
TxConfig            0x34              ./Core/Src/main.o

Discarded input sections

 .text          0x0000000000000000        0x0 c:/st/stm32cubeide_1.7.0/stm32cubeide/plugins/com.st.stm32cube.ide.mcu.externaltools.gnu-tools-for-stm32.9-2020-q2-update.win32_2.0.0.202105311346/tools/bin/../lib/gcc/arm-none-eabi/9.3.1/thumb/v7e-m+dp/hard/crti.o
[...]
Memory Configuration

Name             Origin             Length             Attributes
FLASH            0x0000000008000000 0x0000000000200000 xr
DTCMRAM          0x0000000020000000 0x0000000000020000 xrw
RAM_D1           0x0000000024000000 0x0000000000080000 xrw
RAM_D2           0x0000000030000000 0x0000000000048000 xrw
RAM_D3           0x0000000038000000 0x0000000000010000 xrw
ITCMRAM          0x0000000000000000 0x0000000000010000 xrw
*default*        0x0000000000000000 0xffffffffffffffff

Linker script and memory map

LOAD c:/st/stm32cubeide_1.7.0/stm32cubeide/plugins/com.st.stm32cube.ide.mcu.externaltools.gnu-tools-for-stm32.9-2020-q2-update.win32_2.0.0.202105311346/tools/bin/../lib/gcc/arm-none-eabi/9.3.1/thumb/v7e-m+dp/hard/crti.o
LOAD c:/st/stm32cubeide_1.7.0/stm32cubeide/plugins/com.st.stm32cube.ide.mcu.externaltools.gnu-tools-for-stm32.9-2020-q2-update.win32_2.0.0.202105311346/tools/bin/../lib/gcc/arm-none-eabi/9.3.1/thumb/v7e-m+dp/hard/crtbegin.o
LOAD c:/st/stm32cubeide_1.7.0/stm32cubeide/plugins/com.st.stm32cube.ide.mcu.externaltools.gnu-tools-for-stm32.9-2020-q2-update.win32_2.0.0.202105311346/tools/bin/../lib/gcc/arm-none-eabi/9.3.1/../../../../arm-none-eabi/lib/thumb/v7e-m+dp/hard/crt0.o
LOAD ./Core/Src/main.o
LOAD ./Core/Src/stm32h7xx_hal_msp.o
LOAD ./Core/Src/stm32h7xx_it.o
LOAD ./Core/Src/syscalls.o
LOAD ./Core/Src/sysmem.o
LOAD ./Core/Src/system_stm32h7xx.o
LOAD ./Core/Startup/startup_stm32h743zitx.o
LOAD ./Drivers/STM32H7xx_HAL_Driver/Src/stm32h7xx_hal.o
LOAD ./Drivers/STM32H7xx_HAL_Driver/Src/stm32h7xx_hal_cortex.o
LOAD ./Drivers/STM32H7xx_HAL_Driver/Src/stm32h7xx_hal_dma.o
LOAD ./Drivers/STM32H7xx_HAL_Driver/Src/stm32h7xx_hal_dma_ex.o
LOAD ./Drivers/STM32H7xx_HAL_Driver/Src/stm32h7xx_hal_eth.o
LOAD ./Drivers/STM32H7xx_HAL_Driver/Src/stm32h7xx_hal_eth_ex.o
LOAD ./Drivers/STM32H7xx_HAL_Driver/Src/stm32h7xx_hal_exti.o
LOAD ./Drivers/STM32H7xx_HAL_Driver/Src/stm32h7xx_hal_flash.o
LOAD ./Drivers/STM32H7xx_HAL_Driver/Src/stm32h7xx_hal_flash_ex.o
LOAD ./Drivers/STM32H7xx_HAL_Driver/Src/stm32h7xx_hal_gpio.o
LOAD ./Drivers/STM32H7xx_HAL_Driver/Src/stm32h7xx_hal_hsem.o
LOAD ./Drivers/STM32H7xx_HAL_Driver/Src/stm32h7xx_hal_i2c.o
LOAD ./Drivers/STM32H7xx_HAL_Driver/Src/stm32h7xx_hal_i2c_ex.o
LOAD ./Drivers/STM32H7xx_HAL_Driver/Src/stm32h7xx_hal_mdma.o
LOAD ./Drivers/STM32H7xx_HAL_Driver/Src/stm32h7xx_hal_pcd.o
LOAD ./Drivers/STM32H7xx_HAL_Driver/Src/stm32h7xx_hal_pcd_ex.o
LOAD ./Drivers/STM32H7xx_HAL_Driver/Src/stm32h7xx_hal_pwr.o
LOAD ./Drivers/STM32H7xx_HAL_Driver/Src/stm32h7xx_hal_pwr_ex.o
LOAD ./Drivers/STM32H7xx_HAL_Driver/Src/stm32h7xx_hal_rcc.o
LOAD ./Drivers/STM32H7xx_HAL_Driver/Src/stm32h7xx_hal_rcc_ex.o
LOAD ./Drivers/STM32H7xx_HAL_Driver/Src/stm32h7xx_hal_tim.o
LOAD ./Drivers/STM32H7xx_HAL_Driver/Src/stm32h7xx_hal_tim_ex.o
LOAD ./Drivers/STM32H7xx_HAL_Driver/Src/stm32h7xx_hal_uart.o
LOAD ./Drivers/STM32H7xx_HAL_Driver/Src/stm32h7xx_hal_uart_ex.o
LOAD ./Drivers/STM32H7xx_HAL_Driver/Src/stm32h7xx_ll_usb.o
START GROUP
LOAD c:/st/stm32cubeide_1.7.0/stm32cubeide/plugins/com.st.stm32cube.ide.mcu.externaltools.gnu-tools-for-stm32.9-2020-q2-update.win32_2.0.0.202105311346/tools/bin/../lib/gcc/arm-none-eabi/9.3.1/../../../../arm-none-eabi/lib/thumb/v7e-m+dp/hard\libc_nano.a
LOAD c:/st/stm32cubeide_1.7.0/stm32cubeide/plugins/com.st.stm32cube.ide.mcu.externaltools.gnu-tools-for-stm32.9-2020-q2-update.win32_2.0.0.202105311346/tools/bin/../lib/gcc/arm-none-eabi/9.3.1/../../../../arm-none-eabi/lib/thumb/v7e-m+dp/hard\libm.a
END GROUP
START GROUP
LOAD c:/st/stm32cubeide_1.7.0/stm32cubeide/plugins/com.st.stm32cube.ide.mcu.externaltools.gnu-tools-for-stm32.9-2020-q2-update.win32_2.0.0.202105311346/tools/bin/../lib/gcc/arm-none-eabi/9.3.1/thumb/v7e-m+dp/hard\libgcc.a
LOAD c:/st/stm32cubeide_1.7.0/stm32cubeide/plugins/com.st.stm32cube.ide.mcu.externaltools.gnu-tools-for-stm32.9-2020-q2-update.win32_2.0.0.202105311346/tools/bin/../lib/gcc/arm-none-eabi/9.3.1/../../../../arm-none-eabi/lib/thumb/v7e-m+dp/hard\libc_nano.a
END GROUP
START GROUP
LOAD c:/st/stm32cubeide_1.7.0/stm32cubeide/plugins/com.st.stm32cube.ide.mcu.externaltools.gnu-tools-for-stm32.9-2020-q2-update.win32_2.0.0.202105311346/tools/bin/../lib/gcc/arm-none-eabi/9.3.1/thumb/v7e-m+dp/hard\libgcc.a
LOAD c:/st/stm32cubeide_1.7.0/stm32cubeide/plugins/com.st.stm32cube.ide.mcu.externaltools.gnu-tools-for-stm32.9-2020-q2-update.win32_2.0.0.202105311346/tools/bin/../lib/gcc/arm-none-eabi/9.3.1/../../../../arm-none-eabi/lib/thumb/v7e-m+dp/hard\libc_nano.a
LOAD c:/st/stm32cubeide_1.7.0/stm32cubeide/plugins/com.st.stm32cube.ide.mcu.externaltools.gnu-tools-for-stm32.9-2020-q2-update.win32_2.0.0.202105311346/tools/bin/../lib/gcc/arm-none-eabi/9.3.1/../../../../arm-none-eabi/lib/thumb/v7e-m+dp/hard\libnosys.a
END GROUP
START GROUP
LOAD c:/st/stm32cubeide_1.7.0/stm32cubeide/plugins/com.st.stm32cube.ide.mcu.externaltools.gnu-tools-for-stm32.9-2020-q2-update.win32_2.0.0.202105311346/tools/bin/../lib/gcc/arm-none-eabi/9.3.1/thumb/v7e-m+dp/hard\libgcc.a
LOAD c:/st/stm32cubeide_1.7.0/stm32cubeide/plugins/com.st.stm32cube.ide.mcu.externaltools.gnu-tools-for-stm32.9-2020-q2-update.win32_2.0.0.202105311346/tools/bin/../lib/gcc/arm-none-eabi/9.3.1/../../../../arm-none-eabi/lib/thumb/v7e-m+dp/hard\libc_nano.a
LOAD c:/st/stm32cubeide_1.7.0/stm32cubeide/plugins/com.st.stm32cube.ide.mcu.externaltools.gnu-tools-for-stm32.9-2020-q2-update.win32_2.0.0.202105311346/tools/bin/../lib/gcc/arm-none-eabi/9.3.1/../../../../arm-none-eabi/lib/thumb/v7e-m+dp/hard\libnosys.a
END GROUP
LOAD c:/st/stm32cubeide_1.7.0/stm32cubeide/plugins/com.st.stm32cube.ide.mcu.externaltools.gnu-tools-for-stm32.9-2020-q2-update.win32_2.0.0.202105311346/tools/bin/../lib/gcc/arm-none-eabi/9.3.1/thumb/v7e-m+dp/hard/crtend.o
LOAD c:/st/stm32cubeide_1.7.0/stm32cubeide/plugins/com.st.stm32cube.ide.mcu.externaltools.gnu-tools-for-stm32.9-2020-q2-update.win32_2.0.0.202105311346/tools/bin/../lib/gcc/arm-none-eabi/9.3.1/thumb/v7e-m+dp/hard/crtn.o
                0x0000000024080000                _estack = (ORIGIN (RAM_D1) + LENGTH (RAM_D1))
                0x0000000000000200                _Min_Heap_Size = 0x200
                0x0000000000000400                _Min_Stack_Size = 0x400

.isr_vector     0x0000000008000000      0x298
                0x0000000008000000                . = ALIGN (0x4)
 *(.isr_vector)
 .isr_vector    0x0000000008000000      0x298 ./Core/Startup/startup_stm32h743zitx.o
                0x0000000008000000                g_pfnVectors
                0x0000000008000298                . = ALIGN (0x4)

.text           0x0000000008000298     0x5b80
                0x0000000008000298                . = ALIGN (0x4)
 *(.text)
 .text          0x0000000008000298       0x40 c:/st/stm32cubeide_1.7.0/stm32cubeide/plugins/com.st.stm32cube.ide.mcu.externaltools.gnu-tools-for-stm32.9-2020-q2-update.win32_2.0.0.202105311346/tools/bin/../lib/gcc/arm-none-eabi/9.3.1/thumb/v7e-m+dp/hard/crtbegin.o
 .text          0x00000000080002d8       0x30 c:/st/stm32cubeide_1.7.0/stm32cubeide/plugins/com.st.stm32cube.ide.mcu.externaltools.gnu-tools-for-stm32.9-2020-q2-update.win32_2.0.0.202105311346/tools/bin/../lib/gcc/arm-none-eabi/9.3.1/thumb/v7e-m+dp/hard\libgcc.a(_aeabi_uldivmod.o)
                0x00000000080002d8                __aeabi_uldivmod
 .text          0x0000000008000308      0x2c4 c:/st/stm32cubeide_1.7.0/stm32cubeide/plugins/com.st.stm32cube.ide.mcu.externaltools.gnu-tools-for-stm32.9-2020-q2-update.win32_2.0.0.202105311346/tools/bin/../lib/gcc/arm-none-eabi/9.3.1/thumb/v7e-m+dp/hard\libgcc.a(_udivmoddi4.o)
                0x0000000008000308                __udivmoddi4
 .text          0x00000000080005cc        0x4 c:/st/stm32cubeide_1.7.0/stm32cubeide/plugins/com.st.stm32cube.ide.mcu.externaltools.gnu-tools-for-stm32.9-2020-q2-update.win32_2.0.0.202105311346/tools/bin/../lib/gcc/arm-none-eabi/9.3.1/thumb/v7e-m+dp/hard\libgcc.a(_dvmd_tls.o)
                0x00000000080005cc                __aeabi_idiv0
                0x00000000080005cc                __aeabi_ldiv0
 *(.text*)
 .text.main     0x00000000080005d0       0x1e ./Core/Src/main.o
                0x00000000080005d0                main
 *fill*         0x00000000080005ee        0x2 
 .text.SystemClock_Config
                0x00000000080005f0      0x100 ./Core/Src/main.o
                0x00000000080005f0                SystemClock_Config
 .text.MX_ETH_Init
                0x00000000080006f0       0x98 ./Core/Src/main.o
 .text.MX_USART3_UART_Init
                0x0000000008000788       0x98 ./Core/Src/main.o
 .text.MX_USB_OTG_FS_PCD_Init
                0x0000000008000820       0x64 ./Core/Src/main.o
 .text.MX_GPIO_Init
                0x0000000008000884      0x1b8 ./Core/Src/main.o
 .text.Error_Handler
                0x0000000008000a3c        0xa ./Core/Src/main.o
                0x0000000008000a3c                Error_Handler
 *fill*         0x0000000008000a46        0x2 
 .text.HAL_MspInit
                0x0000000008000a48       0x34 ./Core/Src/stm32h7xx_hal_msp.o
                0x0000000008000a48                HAL_MspInit
 .text.HAL_ETH_MspInit
                0x0000000008000a7c      0x19c ./Core/Src/stm32h7xx_hal_msp.o
                0x0000000008000a7c                HAL_ETH_MspInit
 .text.HAL_UART_MspInit
                0x0000000008000c18       0xcc ./Core/Src/stm32h7xx_hal_msp.o
                0x0000000008000c18                HAL_UART_MspInit
 .text.HAL_PCD_MspInit
                0x0000000008000ce4       0xf4 ./Core/Src/stm32h7xx_hal_msp.o
                0x0000000008000ce4                HAL_PCD_MspInit
 .text.NMI_Handler
                0x0000000008000dd8        0x6 ./Core/Src/stm32h7xx_it.o
                0x0000000008000dd8                NMI_Handler
 .text.HardFault_Handler
                0x0000000008000dde        0x6 ./Core/Src/stm32h7xx_it.o
                0x0000000008000dde                HardFault_Handler
 .text.MemManage_Handler
                0x0000000008000de4        0x6 ./Core/Src/stm32h7xx_it.o
                0x0000000008000de4                MemManage_Handler
 .text.BusFault_Handler
                0x0000000008000dea        0x6 ./Core/Src/stm32h7xx_it.o
                0x0000000008000dea                BusFault_Handler
 .text.UsageFault_Handler
                0x0000000008000df0        0x6 ./Core/Src/stm32h7xx_it.o
                0x0000000008000df0                UsageFault_Handler
 .text.SVC_Handler
                0x0000000008000df6        0xe ./Core/Src/stm32h7xx_it.o
                0x0000000008000df6                SVC_Handler
 .text.DebugMon_Handler
                0x0000000008000e04        0xe ./Core/Src/stm32h7xx_it.o
                0x0000000008000e04                DebugMon_Handler
 .text.PendSV_Handler
                0x0000000008000e12        0xe ./Core/Src/stm32h7xx_it.o
                0x0000000008000e12                PendSV_Handler
 .text.SysTick_Handler
                0x0000000008000e20        0xc ./Core/Src/stm32h7xx_it.o
                0x0000000008000e20                SysTick_Handler
 .text.SystemInit
                0x0000000008000e2c      0x118 ./Core/Src/system_stm32h7xx.o
                0x0000000008000e2c                SystemInit
 .text.Reset_Handler
                0x0000000008000f44       0x50 ./Core/Startup/startup_stm32h743zitx.o
                0x0000000008000f44                Reset_Handler
 .text.Default_Handler
                0x0000000008000f94        0x2 ./Core/Startup/startup_stm32h743zitx.o
                0x0000000008000f94                RTC_Alarm_IRQHandler
                0x0000000008000f94                EXTI2_IRQHandler
                0x0000000008000f94                TIM8_CC_IRQHandler
                0x0000000008000f94                HRTIM1_Master_IRQHandler
                0x0000000008000f94                UART8_IRQHandler
                0x0000000008000f94                SPI4_IRQHandler
                0x0000000008000f94                TIM1_CC_IRQHandler
                0x0000000008000f94                BDMA_Channel6_IRQHandler
                0x0000000008000f94                DMA2_Stream5_IRQHandler
                0x0000000008000f94                HRTIM1_FLT_IRQHandler
                0x0000000008000f94                JPEG_IRQHandler
                0x0000000008000f94                DMA1_Stream5_IRQHandler
                0x0000000008000f94                BDMA_Channel1_IRQHandler
                0x0000000008000f94                HRTIM1_TIMD_IRQHandler
                0x0000000008000f94                TAMP_STAMP_IRQHandler
                0x0000000008000f94                EXTI3_IRQHandler
                0x0000000008000f94                LPTIM4_IRQHandler
                0x0000000008000f94                TIM8_TRG_COM_TIM14_IRQHandler
                0x0000000008000f94                LPTIM2_IRQHandler
                0x0000000008000f94                DFSDM1_FLT1_IRQHandler
                0x0000000008000f94                DMAMUX2_OVR_IRQHandler
                0x0000000008000f94                TIM8_UP_TIM13_IRQHandler
                0x0000000008000f94                I2C3_ER_IRQHandler
                0x0000000008000f94                DFSDM1_FLT2_IRQHandler
                0x0000000008000f94                MDMA_IRQHandler
                0x0000000008000f94                LPTIM3_IRQHandler
                0x0000000008000f94                HSEM1_IRQHandler
                0x0000000008000f94                EXTI0_IRQHandler
                0x0000000008000f94                I2C2_EV_IRQHandler
                0x0000000008000f94                DMA1_Stream2_IRQHandler
                0x0000000008000f94                FPU_IRQHandler
                0x0000000008000f94                OTG_HS_WKUP_IRQHandler
                0x0000000008000f94                FDCAN1_IT1_IRQHandler
                0x0000000008000f94                LTDC_ER_IRQHandler
                0x0000000008000f94                DMA2_Stream2_IRQHandler
                0x0000000008000f94                HRTIM1_TIME_IRQHandler
                0x0000000008000f94                SPI1_IRQHandler
                0x0000000008000f94                TIM6_DAC_IRQHandler
                0x0000000008000f94                DCMI_IRQHandler
                0x0000000008000f94                HRTIM1_TIMC_IRQHandler
                0x0000000008000f94                DMA2_Stream3_IRQHandler
                0x0000000008000f94                SAI2_IRQHandler
                0x0000000008000f94                DFSDM1_FLT3_IRQHandler
                0x0000000008000f94                USART6_IRQHandler
                0x0000000008000f94                TIM17_IRQHandler
                0x0000000008000f94                USART3_IRQHandler
                0x0000000008000f94                BDMA_Channel7_IRQHandler
                0x0000000008000f94                LPTIM5_IRQHandler
                0x0000000008000f94                UART5_IRQHandler
                0x0000000008000f94                ADC3_IRQHandler
                0x0000000008000f94                DMA2_Stream0_IRQHandler
                0x0000000008000f94                TIM4_IRQHandler
                0x0000000008000f94                BDMA_Channel2_IRQHandler
                0x0000000008000f94                QUADSPI_IRQHandler
                0x0000000008000f94                I2C1_EV_IRQHandler
                0x0000000008000f94                DMA1_Stream6_IRQHandler
                0x0000000008000f94                DMAMUX1_OVR_IRQHandler
                0x0000000008000f94                DMA1_Stream1_IRQHandler
                0x0000000008000f94                TIM16_IRQHandler
                0x0000000008000f94                UART4_IRQHandler
                0x0000000008000f94                BDMA_Channel5_IRQHandler
                0x0000000008000f94                TIM3_IRQHandler
                0x0000000008000f94                RCC_IRQHandler
                0x0000000008000f94                TIM8_BRK_TIM12_IRQHandler
                0x0000000008000f94                TIM1_TRG_COM_IRQHandler
                0x0000000008000f94                Default_Handler
                0x0000000008000f94                ECC_IRQHandler
                0x0000000008000f94                CEC_IRQHandler
                0x0000000008000f94                EXTI15_10_IRQHandler
                0x0000000008000f94                BDMA_Channel0_IRQHandler
                0x0000000008000f94                ADC_IRQHandler
                0x0000000008000f94                DMA1_Stream7_IRQHandler
                0x0000000008000f94                HRTIM1_TIMA_IRQHandler
                0x0000000008000f94                SPI5_IRQHandler
                0x0000000008000f94                TIM7_IRQHandler
                0x0000000008000f94                SDMMC1_IRQHandler
                0x0000000008000f94                TIM5_IRQHandler
                0x0000000008000f94                DMA2_Stream7_IRQHandler
                0x0000000008000f94                TIM15_IRQHandler
                0x0000000008000f94                PVD_AVD_IRQHandler
                0x0000000008000f94                I2C3_EV_IRQHandler
                0x0000000008000f94                EXTI9_5_IRQHandler
                0x0000000008000f94                RTC_WKUP_IRQHandler
                0x0000000008000f94                LTDC_IRQHandler
                0x0000000008000f94                SAI3_IRQHandler
                0x0000000008000f94                ETH_WKUP_IRQHandler
                0x0000000008000f94                SPDIF_RX_IRQHandler
                0x0000000008000f94                SPI2_IRQHandler
                0x0000000008000f94                OTG_HS_EP1_IN_IRQHandler
                0x0000000008000f94                DMA1_Stream0_IRQHandler
                0x0000000008000f94                CRS_IRQHandler
                0x0000000008000f94                EXTI4_IRQHandler
                0x0000000008000f94                RNG_IRQHandler
                0x0000000008000f94                HRTIM1_TIMB_IRQHandler
                0x0000000008000f94                FDCAN2_IT1_IRQHandler
                0x0000000008000f94                ETH_IRQHandler
                0x0000000008000f94                TIM1_UP_IRQHandler
                0x0000000008000f94                BDMA_Channel4_IRQHandler
                0x0000000008000f94                OTG_HS_EP1_OUT_IRQHandler
                0x0000000008000f94                WWDG_IRQHandler
                0x0000000008000f94                SPI6_IRQHandler
                0x0000000008000f94                MDIOS_IRQHandler
                0x0000000008000f94                I2C4_EV_IRQHandler
                0x0000000008000f94                FDCAN2_IT0_IRQHandler
                0x0000000008000f94                LPUART1_IRQHandler
                0x0000000008000f94                FDCAN1_IT0_IRQHandler
                0x0000000008000f94                TIM2_IRQHandler
                0x0000000008000f94                OTG_FS_WKUP_IRQHandler
                0x0000000008000f94                OTG_HS_IRQHandler
                0x0000000008000f94                DMA2D_IRQHandler
                0x0000000008000f94                TIM1_BRK_IRQHandler
                0x0000000008000f94                EXTI1_IRQHandler
                0x0000000008000f94                SDMMC2_IRQHandler
                0x0000000008000f94                OTG_FS_EP1_OUT_IRQHandler
                0x0000000008000f94                BDMA_Channel3_IRQHandler
                0x0000000008000f94                UART7_IRQHandler
                0x0000000008000f94                MDIOS_WKUP_IRQHandler
                0x0000000008000f94                USART2_IRQHandler
                0x0000000008000f94                DFSDM1_FLT0_IRQHandler
                0x0000000008000f94                SAI4_IRQHandler
                0x0000000008000f94                I2C2_ER_IRQHandler
                0x0000000008000f94                DMA2_Stream1_IRQHandler
                0x0000000008000f94                FLASH_IRQHandler
                0x0000000008000f94                DMA2_Stream4_IRQHandler
                0x0000000008000f94                USART1_IRQHandler
                0x0000000008000f94                OTG_FS_IRQHandler
                0x0000000008000f94                SPI3_IRQHandler
                0x0000000008000f94                WAKEUP_PIN_IRQHandler
                0x0000000008000f94                DMA1_Stream4_IRQHandler
                0x0000000008000f94                OTG_FS_EP1_IN_IRQHandler
                0x0000000008000f94                I2C1_ER_IRQHandler
                0x0000000008000f94                FMC_IRQHandler
                0x0000000008000f94                FDCAN_CAL_IRQHandler
                0x0000000008000f94                SWPMI1_IRQHandler
                0x0000000008000f94                COMP1_IRQHandler
                0x0000000008000f94                LPTIM1_IRQHandler
                0x0000000008000f94                I2C4_ER_IRQHandler
                0x0000000008000f94                DMA2_Stream6_IRQHandler
                0x0000000008000f94                SAI1_IRQHandler
                0x0000000008000f94                DMA1_Stream3_IRQHandler
 *fill*         0x0000000008000f96        0x2 
 .text.HAL_Init
                0x0000000008000f98       0x78 ./Drivers/STM32H7xx_HAL_Driver/Src/stm32h7xx_hal.o
                0x0000000008000f98                HAL_Init
 .text.HAL_InitTick
                0x0000000008001010       0x6c ./Drivers/STM32H7xx_HAL_Driver/Src/stm32h7xx_hal.o
                0x0000000008001010                HAL_InitTick
 .text.HAL_IncTick
                0x000000000800107c       0x28 ./Drivers/STM32H7xx_HAL_Driver/Src/stm32h7xx_hal.o
                0x000000000800107c                HAL_IncTick
 .text.HAL_GetTick
                0x00000000080010a4       0x18 ./Drivers/STM32H7xx_HAL_Driver/Src/stm32h7xx_hal.o
                0x00000000080010a4                HAL_GetTick
 .text.HAL_Delay
                0x00000000080010bc       0x48 ./Drivers/STM32H7xx_HAL_Driver/Src/stm32h7xx_hal.o
                0x00000000080010bc                HAL_Delay
 .text.HAL_GetREVID
                0x0000000008001104       0x18 ./Drivers/STM32H7xx_HAL_Driver/Src/stm32h7xx_hal.o
                0x0000000008001104                HAL_GetREVID
 .text.HAL_SYSCFG_ETHInterfaceSelect
                0x000000000800111c       0x28 ./Drivers/STM32H7xx_HAL_Driver/Src/stm32h7xx_hal.o
                0x000000000800111c                HAL_SYSCFG_ETHInterfaceSelect
 .text.__NVIC_SetPriorityGrouping
                0x0000000008001144       0x48 ./Drivers/STM32H7xx_HAL_Driver/Src/stm32h7xx_hal_cortex.o
 .text.__NVIC_GetPriorityGrouping
                0x000000000800118c       0x1c ./Drivers/STM32H7xx_HAL_Driver/Src/stm32h7xx_hal_cortex.o
 .text.__NVIC_SetPriority
                0x00000000080011a8       0x54 ./Drivers/STM32H7xx_HAL_Driver/Src/stm32h7xx_hal_cortex.o
 .text.NVIC_EncodePriority
                0x00000000080011fc       0x66 ./Drivers/STM32H7xx_HAL_Driver/Src/stm32h7xx_hal_cortex.o
 *fill*         0x0000000008001262        0x2 
 .text.SysTick_Config
                0x0000000008001264       0x44 ./Drivers/STM32H7xx_HAL_Driver/Src/stm32h7xx_hal_cortex.o
 .text.HAL_NVIC_SetPriorityGrouping
                0x00000000080012a8       0x16 ./Drivers/STM32H7xx_HAL_Driver/Src/stm32h7xx_hal_cortex.o
                0x00000000080012a8                HAL_NVIC_SetPriorityGrouping
 .text.HAL_NVIC_SetPriority
                0x00000000080012be       0x34 ./Drivers/STM32H7xx_HAL_Driver/Src/stm32h7xx_hal_cortex.o
                0x00000000080012be                HAL_NVIC_SetPriority
 .text.HAL_SYSTICK_Config
                0x00000000080012f2       0x18 ./Drivers/STM32H7xx_HAL_Driver/Src/stm32h7xx_hal_cortex.o
                0x00000000080012f2                HAL_SYSTICK_Config
 *fill*         0x000000000800130a        0x2 
 .text.HAL_ETH_Init
                0x000000000800130c      0x1b4 ./Drivers/STM32H7xx_HAL_Driver/Src/stm32h7xx_hal_eth.o
                0x000000000800130c                HAL_ETH_Init
 .text.ETH_SetMACConfig
                0x00000000080014c0      0x238 ./Drivers/STM32H7xx_HAL_Driver/Src/stm32h7xx_hal_eth.o
 .text.ETH_SetDMAConfig
                0x00000000080016f8      0x10c ./Drivers/STM32H7xx_HAL_Driver/Src/stm32h7xx_hal_eth.o
 .text.ETH_MACDMAConfig
                0x0000000008001804      0x13a ./Drivers/STM32H7xx_HAL_Driver/Src/stm32h7xx_hal_eth.o
 *fill*         0x000000000800193e        0x2 
 .text.ETH_MAC_MDIO_ClkConfig
                0x0000000008001940       0xb0 ./Drivers/STM32H7xx_HAL_Driver/Src/stm32h7xx_hal_eth.o
 .text.ETH_DMATxDescListInit
                0x00000000080019f0       0x8e ./Drivers/STM32H7xx_HAL_Driver/Src/stm32h7xx_hal_eth.o
 .text.ETH_DMARxDescListInit
                0x0000000008001a7e       0xba ./Drivers/STM32H7xx_HAL_Driver/Src/stm32h7xx_hal_eth.o
 .text.HAL_GPIO_Init
                0x0000000008001b38      0x360 ./Drivers/STM32H7xx_HAL_Driver/Src/stm32h7xx_hal_gpio.o
                0x0000000008001b38                HAL_GPIO_Init
 .text.HAL_GPIO_WritePin
                0x0000000008001e98       0x32 ./Drivers/STM32H7xx_HAL_Driver/Src/stm32h7xx_hal_gpio.o
                0x0000000008001e98                HAL_GPIO_WritePin
 .text.HAL_PCD_Init
                0x0000000008001eca      0x248 ./Drivers/STM32H7xx_HAL_Driver/Src/stm32h7xx_hal_pcd.o
                0x0000000008001eca                HAL_PCD_Init
 *fill*         0x0000000008002112        0x2 
 .text.HAL_PCDEx_ActivateLPM
                0x0000000008002114       0x48 ./Drivers/STM32H7xx_HAL_Driver/Src/stm32h7xx_hal_pcd_ex.o
                0x0000000008002114                HAL_PCDEx_ActivateLPM
 .text.HAL_PWREx_ConfigSupply
                0x000000000800215c       0x74 ./Drivers/STM32H7xx_HAL_Driver/Src/stm32h7xx_hal_pwr_ex.o
                0x000000000800215c                HAL_PWREx_ConfigSupply
 .text.HAL_PWREx_EnableUSBVoltageDetector
                0x00000000080021d0       0x20 ./Drivers/STM32H7xx_HAL_Driver/Src/stm32h7xx_hal_pwr_ex.o
                0x00000000080021d0                HAL_PWREx_EnableUSBVoltageDetector
 .text.HAL_RCC_OscConfig
                0x00000000080021f0      0x820 ./Drivers/STM32H7xx_HAL_Driver/Src/stm32h7xx_hal_rcc.o
                0x00000000080021f0                HAL_RCC_OscConfig
 .text.HAL_RCC_ClockConfig
                0x0000000008002a10      0x36c ./Drivers/STM32H7xx_HAL_Driver/Src/stm32h7xx_hal_rcc.o
                0x0000000008002a10                HAL_RCC_ClockConfig
 .text.HAL_RCC_GetSysClockFreq
                0x0000000008002d7c      0x2f4 ./Drivers/STM32H7xx_HAL_Driver/Src/stm32h7xx_hal_rcc.o
                0x0000000008002d7c                HAL_RCC_GetSysClockFreq
 .text.HAL_RCC_GetHCLKFreq
                0x0000000008003070       0x60 ./Drivers/STM32H7xx_HAL_Driver/Src/stm32h7xx_hal_rcc.o
                0x0000000008003070                HAL_RCC_GetHCLKFreq
 .text.HAL_RCC_GetPCLK1Freq
                0x00000000080030d0       0x2c ./Drivers/STM32H7xx_HAL_Driver/Src/stm32h7xx_hal_rcc.o
                0x00000000080030d0                HAL_RCC_GetPCLK1Freq
 .text.HAL_RCC_GetPCLK2Freq
                0x00000000080030fc       0x2c ./Drivers/STM32H7xx_HAL_Driver/Src/stm32h7xx_hal_rcc.o
                0x00000000080030fc                HAL_RCC_GetPCLK2Freq
 .text.HAL_RCCEx_PeriphCLKConfig
                0x0000000008003128      0xe80 ./Drivers/STM32H7xx_HAL_Driver/Src/stm32h7xx_hal_rcc_ex.o
                0x0000000008003128                HAL_RCCEx_PeriphCLKConfig
 .text.HAL_RCCEx_GetD3PCLK1Freq
                0x0000000008003fa8       0x2c ./Drivers/STM32H7xx_HAL_Driver/Src/stm32h7xx_hal_rcc_ex.o
                0x0000000008003fa8                HAL_RCCEx_GetD3PCLK1Freq
 .text.HAL_RCCEx_GetPLL2ClockFreq
                0x0000000008003fd4      0x2a8 ./Drivers/STM32H7xx_HAL_Driver/Src/stm32h7xx_hal_rcc_ex.o
                0x0000000008003fd4                HAL_RCCEx_GetPLL2ClockFreq
 .text.HAL_RCCEx_GetPLL3ClockFreq
                0x000000000800427c      0x2a8 ./Drivers/STM32H7xx_HAL_Driver/Src/stm32h7xx_hal_rcc_ex.o
                0x000000000800427c                HAL_RCCEx_GetPLL3ClockFreq
 .text.RCCEx_PLL2_Config
                0x0000000008004524      0x164 ./Drivers/STM32H7xx_HAL_Driver/Src/stm32h7xx_hal_rcc_ex.o
 .text.RCCEx_PLL3_Config
                0x0000000008004688      0x164 ./Drivers/STM32H7xx_HAL_Driver/Src/stm32h7xx_hal_rcc_ex.o
 .text.HAL_UART_Init
                0x00000000080047ec       0xa0 ./Drivers/STM32H7xx_HAL_Driver/Src/stm32h7xx_hal_uart.o
                0x00000000080047ec                HAL_UART_Init
 .text.UART_SetConfig
                0x000000000800488c      0xac0 ./Drivers/STM32H7xx_HAL_Driver/Src/stm32h7xx_hal_uart.o
                0x000000000800488c                UART_SetConfig
 .text.UART_AdvFeatureConfig
                0x000000000800534c      0x144 ./Drivers/STM32H7xx_HAL_Driver/Src/stm32h7xx_hal_uart.o
                0x000000000800534c                UART_AdvFeatureConfig
 .text.UART_CheckIdleState
                0x0000000008005490       0x96 ./Drivers/STM32H7xx_HAL_Driver/Src/stm32h7xx_hal_uart.o
                0x0000000008005490                UART_CheckIdleState
 .text.UART_WaitOnFlagUntilTimeout
                0x0000000008005526      0x100 ./Drivers/STM32H7xx_HAL_Driver/Src/stm32h7xx_hal_uart.o
                0x0000000008005526                UART_WaitOnFlagUntilTimeout
 .text.HAL_UARTEx_DisableFifoMode
                0x0000000008005626       0x72 ./Drivers/STM32H7xx_HAL_Driver/Src/stm32h7xx_hal_uart_ex.o
                0x0000000008005626                HAL_UARTEx_DisableFifoMode
 .text.HAL_UARTEx_SetTxFifoThreshold
                0x0000000008005698       0x7c ./Drivers/STM32H7xx_HAL_Driver/Src/stm32h7xx_hal_uart_ex.o
                0x0000000008005698                HAL_UARTEx_SetTxFifoThreshold
 .text.HAL_UARTEx_SetRxFifoThreshold
                0x0000000008005714       0x7c ./Drivers/STM32H7xx_HAL_Driver/Src/stm32h7xx_hal_uart_ex.o
                0x0000000008005714                HAL_UARTEx_SetRxFifoThreshold
 .text.UARTEx_SetNbDataToProcess
                0x0000000008005790       0x9c ./Drivers/STM32H7xx_HAL_Driver/Src/stm32h7xx_hal_uart_ex.o
 .text.USB_CoreInit
                0x000000000800582c       0xdc ./Drivers/STM32H7xx_HAL_Driver/Src/stm32h7xx_ll_usb.o
                0x000000000800582c                USB_CoreInit
 .text.USB_DisableGlobalInt
                0x0000000008005908       0x22 ./Drivers/STM32H7xx_HAL_Driver/Src/stm32h7xx_ll_usb.o
                0x0000000008005908                USB_DisableGlobalInt
 .text.USB_SetCurrentMode
                0x000000000800592a       0x54 ./Drivers/STM32H7xx_HAL_Driver/Src/stm32h7xx_ll_usb.o
                0x000000000800592a                USB_SetCurrentMode
 *fill*         0x000000000800597e        0x2 
 .text.USB_DevInit
                0x0000000008005980      0x2bc ./Drivers/STM32H7xx_HAL_Driver/Src/stm32h7xx_ll_usb.o
                0x0000000008005980                USB_DevInit
 .text.USB_FlushTxFifo
                0x0000000008005c3c       0x4c ./Drivers/STM32H7xx_HAL_Driver/Src/stm32h7xx_ll_usb.o
                0x0000000008005c3c                USB_FlushTxFifo
 .text.USB_FlushRxFifo
                0x0000000008005c88       0x44 ./Drivers/STM32H7xx_HAL_Driver/Src/stm32h7xx_ll_usb.o
                0x0000000008005c88                USB_FlushRxFifo
 .text.USB_SetDevSpeed
                0x0000000008005ccc       0x32 ./Drivers/STM32H7xx_HAL_Driver/Src/stm32h7xx_ll_usb.o
                0x0000000008005ccc                USB_SetDevSpeed
 .text.USB_DevDisconnect
                0x0000000008005cfe       0x42 ./Drivers/STM32H7xx_HAL_Driver/Src/stm32h7xx_ll_usb.o
                0x0000000008005cfe                USB_DevDisconnect
 .text.USB_CoreReset
                0x0000000008005d40       0x68 ./Drivers/STM32H7xx_HAL_Driver/Src/stm32h7xx_ll_usb.o
 .text.__libc_init_array
                0x0000000008005da8       0x48 c:/st/stm32cubeide_1.7.0/stm32cubeide/plugins/com.st.stm32cube.ide.mcu.externaltools.gnu-tools-for-stm32.9-2020-q2-update.win32_2.0.0.202105311346/tools/bin/../lib/gcc/arm-none-eabi/9.3.1/../../../../arm-none-eabi/lib/thumb/v7e-m+dp/hard\libc_nano.a(lib_a-init.o)
                0x0000000008005da8                __libc_init_array
 .text.memset   0x0000000008005df0       0x10 c:/st/stm32cubeide_1.7.0/stm32cubeide/plugins/com.st.stm32cube.ide.mcu.externaltools.gnu-tools-for-stm32.9-2020-q2-update.win32_2.0.0.202105311346/tools/bin/../lib/gcc/arm-none-eabi/9.3.1/../../../../arm-none-eabi/lib/thumb/v7e-m+dp/hard\libc_nano.a(lib_a-memset.o)
                0x0000000008005df0                memset
 *(.glue_7)
 .glue_7        0x0000000008005e00        0x0 linker stubs
 *(.glue_7t)
 .glue_7t       0x0000000008005e00        0x0 linker stubs
 *(.eh_frame)
 .eh_frame      0x0000000008005e00        0x0 c:/st/stm32cubeide_1.7.0/stm32cubeide/plugins/com.st.stm32cube.ide.mcu.externaltools.gnu-tools-for-stm32.9-2020-q2-update.win32_2.0.0.202105311346/tools/bin/../lib/gcc/arm-none-eabi/9.3.1/thumb/v7e-m+dp/hard/crtbegin.o
 *(.init)
 .init          0x0000000008005e00        0x4 c:/st/stm32cubeide_1.7.0/stm32cubeide/plugins/com.st.stm32cube.ide.mcu.externaltools.gnu-tools-for-stm32.9-2020-q2-update.win32_2.0.0.202105311346/tools/bin/../lib/gcc/arm-none-eabi/9.3.1/thumb/v7e-m+dp/hard/crti.o
                0x0000000008005e00                _init
 .init          0x0000000008005e04        0x8 c:/st/stm32cubeide_1.7.0/stm32cubeide/plugins/com.st.stm32cube.ide.mcu.externaltools.gnu-tools-for-stm32.9-2020-q2-update.win32_2.0.0.202105311346/tools/bin/../lib/gcc/arm-none-eabi/9.3.1/thumb/v7e-m+dp/hard/crtn.o
 *(.fini)
 .fini          0x0000000008005e0c        0x4 c:/st/stm32cubeide_1.7.0/stm32cubeide/plugins/com.st.stm32cube.ide.mcu.externaltools.gnu-tools-for-stm32.9-2020-q2-update.win32_2.0.0.202105311346/tools/bin/../lib/gcc/arm-none-eabi/9.3.1/thumb/v7e-m+dp/hard/crti.o
                0x0000000008005e0c                _fini
 .fini          0x0000000008005e10        0x8 c:/st/stm32cubeide_1.7.0/stm32cubeide/plugins/com.st.stm32cube.ide.mcu.externaltools.gnu-tools-for-stm32.9-2020-q2-update.win32_2.0.0.202105311346/tools/bin/../lib/gcc/arm-none-eabi/9.3.1/thumb/v7e-m+dp/hard/crtn.o
                0x0000000008005e18                . = ALIGN (0x4)
                0x0000000008005e18                _etext = .

.vfp11_veneer   0x0000000008005e18        0x0
 .vfp11_veneer  0x0000000008005e18        0x0 linker stubs

.v4_bx          0x0000000008005e18        0x0
 .v4_bx         0x0000000008005e18        0x0 linker stubs

.iplt           0x0000000008005e18        0x0
 .iplt          0x0000000008005e18        0x0 c:/st/stm32cubeide_1.7.0/stm32cubeide/plugins/com.st.stm32cube.ide.mcu.externaltools.gnu-tools-for-stm32.9-2020-q2-update.win32_2.0.0.202105311346/tools/bin/../lib/gcc/arm-none-eabi/9.3.1/thumb/v7e-m+dp/hard/crtbegin.o

.rodata         0x0000000008005e18       0x38
                0x0000000008005e18                . = ALIGN (0x4)
 *(.rodata)
 *(.rodata*)
 .rodata.D1CorePrescTable
                0x0000000008005e18       0x10 ./Core/Src/system_stm32h7xx.o
                0x0000000008005e18                D1CorePrescTable
 .rodata.UARTPrescTable
                0x0000000008005e28       0x18 ./Drivers/STM32H7xx_HAL_Driver/Src/stm32h7xx_hal_uart.o
                0x0000000008005e28                UARTPrescTable
 .rodata.numerator.11144
                0x0000000008005e40        0x8 ./Drivers/STM32H7xx_HAL_Driver/Src/stm32h7xx_hal_uart_ex.o
 .rodata.denominator.11145
                0x0000000008005e48        0x8 ./Drivers/STM32H7xx_HAL_Driver/Src/stm32h7xx_hal_uart_ex.o
                0x0000000008005e50                . = ALIGN (0x4)

.ARM.extab
 *(.ARM.extab* .gnu.linkonce.armextab.*)

.ARM            0x0000000008005e50        0x8
                0x0000000008005e50                __exidx_start = .
 *(.ARM.exidx*)
 .ARM.exidx     0x0000000008005e50        0x8 c:/st/stm32cubeide_1.7.0/stm32cubeide/plugins/com.st.stm32cube.ide.mcu.externaltools.gnu-tools-for-stm32.9-2020-q2-update.win32_2.0.0.202105311346/tools/bin/../lib/gcc/arm-none-eabi/9.3.1/thumb/v7e-m+dp/hard\libgcc.a(_udivmoddi4.o)
                0x0000000008005e58                __exidx_end = .

.rel.dyn        0x0000000008005e58        0x0
 .rel.iplt      0x0000000008005e58        0x0 c:/st/stm32cubeide_1.7.0/stm32cubeide/plugins/com.st.stm32cube.ide.mcu.externaltools.gnu-tools-for-stm32.9-2020-q2-update.win32_2.0.0.202105311346/tools/bin/../lib/gcc/arm-none-eabi/9.3.1/thumb/v7e-m+dp/hard/crtbegin.o

.preinit_array  0x0000000008005e58        0x0
                0x0000000008005e58                PROVIDE (__preinit_array_start = .)
 *(.preinit_array*)
                0x0000000008005e58                PROVIDE (__preinit_array_end = .)

.init_array     0x0000000008005e58        0x4
                0x0000000008005e58                PROVIDE (__init_array_start = .)
 *(SORT_BY_NAME(.init_array.*))
 *(.init_array*)
 .init_array    0x0000000008005e58        0x4 c:/st/stm32cubeide_1.7.0/stm32cubeide/plugins/com.st.stm32cube.ide.mcu.externaltools.gnu-tools-for-stm32.9-2020-q2-update.win32_2.0.0.202105311346/tools/bin/../lib/gcc/arm-none-eabi/9.3.1/thumb/v7e-m+dp/hard/crtbegin.o
                0x0000000008005e5c                PROVIDE (__init_array_end = .)

.fini_array     0x0000000008005e5c        0x4
                [!provide]                        PROVIDE (__fini_array_start = .)
 *(SORT_BY_NAME(.fini_array.*))
 *(.fini_array*)
 .fini_array    0x0000000008005e5c        0x4 c:/st/stm32cubeide_1.7.0/stm32cubeide/plugins/com.st.stm32cube.ide.mcu.externaltools.gnu-tools-for-stm32.9-2020-q2-update.win32_2.0.0.202105311346/tools/bin/../lib/gcc/arm-none-eabi/9.3.1/thumb/v7e-m+dp/hard/crtbegin.o
                [!provide]                        PROVIDE (__fini_array_end = .)
                0x0000000008005e60                _sidata = LOADADDR (.data)

.data           0x0000000024000000       0x10 load address 0x0000000008005e60
                0x0000000024000000                . = ALIGN (0x4)
                0x0000000024000000                _sdata = .
 *(.data)
 *(.data*)
 .data.SystemCoreClock
                0x0000000024000000        0x4 ./Core/Src/system_stm32h7xx.o
                0x0000000024000000                SystemCoreClock
 .data.SystemD2Clock
                0x0000000024000004        0x4 ./Core/Src/system_stm32h7xx.o
                0x0000000024000004                SystemD2Clock
 .data.uwTickPrio
                0x0000000024000008        0x4 ./Drivers/STM32H7xx_HAL_Driver/Src/stm32h7xx_hal.o
                0x0000000024000008                uwTickPrio
 .data.uwTickFreq
                0x000000002400000c        0x1 ./Drivers/STM32H7xx_HAL_Driver/Src/stm32h7xx_hal.o
                0x000000002400000c                uwTickFreq
 *(.RamFunc)
 *(.RamFunc*)
                0x0000000024000010                . = ALIGN (0x4)
 *fill*         0x000000002400000d        0x3 
                0x0000000024000010                _edata = .

.igot.plt       0x0000000024000010        0x0 load address 0x0000000008005e70
 .igot.plt      0x0000000024000010        0x0 c:/st/stm32cubeide_1.7.0/stm32cubeide/plugins/com.st.stm32cube.ide.mcu.externaltools.gnu-tools-for-stm32.9-2020-q2-update.win32_2.0.0.202105311346/tools/bin/../lib/gcc/arm-none-eabi/9.3.1/thumb/v7e-m+dp/hard/crtbegin.o

.RxDecripSection
                0x0000000024000010       0x60 load address 0x0000000008005e70
 .RxDecripSection
                0x0000000024000010       0x60 ./Core/Src/main.o
                0x0000000024000010                DMARxDscrTab

.TxDecripSection
                0x0000000024000070       0x60 load address 0x0000000008005ed0
 .TxDecripSection
                0x0000000024000070       0x60 ./Core/Src/main.o
                0x0000000024000070                DMATxDscrTab
                0x00000000240000d0                . = ALIGN (0x4)

.bss            0x00000000240000d0      0x57c load address 0x0000000008005f30
                0x00000000240000d0                _sbss = .
                0x00000000240000d0                __bss_start__ = _sbss
 *(.bss)
 .bss           0x00000000240000d0       0x1c c:/st/stm32cubeide_1.7.0/stm32cubeide/plugins/com.st.stm32cube.ide.mcu.externaltools.gnu-tools-for-stm32.9-2020-q2-update.win32_2.0.0.202105311346/tools/bin/../lib/gcc/arm-none-eabi/9.3.1/thumb/v7e-m+dp/hard/crtbegin.o
 *(.bss*)
 .bss.MACAddr.11290
                0x00000000240000ec        0x6 ./Core/Src/main.o
 *(COMMON)
 *fill*         0x00000000240000f2        0x2 
 COMMON         0x00000000240000f4      0x554 ./Core/Src/main.o
                0x00000000240000f4                huart3
                0x0000000024000184                hpcd_USB_OTG_FS
                0x000000002400058c                heth
                0x0000000024000614                TxConfig
 COMMON         0x0000000024000648        0x4 ./Drivers/STM32H7xx_HAL_Driver/Src/stm32h7xx_hal.o
                0x0000000024000648                uwTick
                0x000000002400064c                . = ALIGN (0x4)
                0x000000002400064c                _ebss = .
                0x000000002400064c                __bss_end__ = _ebss

._user_heap_stack
                0x000000002400064c      0x604 load address 0x0000000008005f30
                0x0000000024000650                . = ALIGN (0x8)
 *fill*         0x000000002400064c        0x4 
                [!provide]                        PROVIDE (end = .)
                0x0000000024000650                PROVIDE (_end = .)
                0x0000000024000850                . = (. + _Min_Heap_Size)
 *fill*         0x0000000024000650      0x200 
                0x0000000024000c50                . = (. + _Min_Stack_Size)
 *fill*         0x0000000024000850      0x400 
                0x0000000024000c50                . = ALIGN (0x8)

/DISCARD/
 libc.a(*)
 libm.a(*)
 libgcc.a(*)

.ARM.attributes
                0x0000000000000000       0x2e
 *(.ARM.attributes)
 .ARM.attributes
                0x0000000000000000       0x1e c:/st/stm32cubeide_1.7.0/stm32cubeide/plugins/com.st.stm32cube.ide.mcu.externaltools.gnu-tools-for-stm32.9-2020-q2-update.win32_2.0.0.202105311346/tools/bin/../lib/gcc/arm-none-eabi/9.3.1/thumb/v7e-m+dp/hard/crti.o
 .ARM.attributes
                0x000000000000001e       0x32 c:/st/stm32cubeide_1.7.0/stm32cubeide/plugins/com.st.stm32cube.ide.mcu.externaltools.gnu-tools-for-stm32.9-2020-q2-update.win32_2.0.0.202105311346/tools/bin/../lib/gcc/arm-none-eabi/9.3.1/thumb/v7e-m+dp/hard/crtbegin.o
 .ARM.attributes
                0x0000000000000050       0x32 ./Core/Src/main.o
 .ARM.attributes
                0x0000000000000082       0x32 ./Core/Src/stm32h7xx_hal_msp.o
 .ARM.attributes
                0x00000000000000b4       0x32 ./Core/Src/stm32h7xx_it.o
 .ARM.attributes
                0x00000000000000e6       0x32 ./Core/Src/system_stm32h7xx.o
 .ARM.attributes
                0x0000000000000118       0x21 ./Core/Startup/startup_stm32h743zitx.o
 .ARM.attributes
                0x0000000000000139       0x32 ./Drivers/STM32H7xx_HAL_Driver/Src/stm32h7xx_hal.o
 .ARM.attributes
                0x000000000000016b       0x32 ./Drivers/STM32H7xx_HAL_Driver/Src/stm32h7xx_hal_cortex.o
 .ARM.attributes
                0x000000000000019d       0x32 ./Drivers/STM32H7xx_HAL_Driver/Src/stm32h7xx_hal_eth.o
 .ARM.attributes
                0x00000000000001cf       0x32 ./Drivers/STM32H7xx_HAL_Driver/Src/stm32h7xx_hal_gpio.o
 .ARM.attributes
                0x0000000000000201       0x32 ./Drivers/STM32H7xx_HAL_Driver/Src/stm32h7xx_hal_pcd.o
 .ARM.attributes
                0x0000000000000233       0x32 ./Drivers/STM32H7xx_HAL_Driver/Src/stm32h7xx_hal_pcd_ex.o
 .ARM.attributes
                0x0000000000000265       0x32 ./Drivers/STM32H7xx_HAL_Driver/Src/stm32h7xx_hal_pwr_ex.o
 .ARM.attributes
                0x0000000000000297       0x32 ./Drivers/STM32H7xx_HAL_Driver/Src/stm32h7xx_hal_rcc.o
 .ARM.attributes
                0x00000000000002c9       0x32 ./Drivers/STM32H7xx_HAL_Driver/Src/stm32h7xx_hal_rcc_ex.o
 .ARM.attributes
                0x00000000000002fb       0x32 ./Drivers/STM32H7xx_HAL_Driver/Src/stm32h7xx_hal_uart.o
 .ARM.attributes
                0x000000000000032d       0x32 ./Drivers/STM32H7xx_HAL_Driver/Src/stm32h7xx_hal_uart_ex.o
 .ARM.attributes
                0x000000000000035f       0x32 ./Drivers/STM32H7xx_HAL_Driver/Src/stm32h7xx_ll_usb.o
 .ARM.attributes
                0x0000000000000391       0x32 c:/st/stm32cubeide_1.7.0/stm32cubeide/plugins/com.st.stm32cube.ide.mcu.externaltools.gnu-tools-for-stm32.9-2020-q2-update.win32_2.0.0.202105311346/tools/bin/../lib/gcc/arm-none-eabi/9.3.1/../../../../arm-none-eabi/lib/thumb/v7e-m+dp/hard\libc_nano.a(lib_a-init.o)
 .ARM.attributes
                0x00000000000003c3       0x32 c:/st/stm32cubeide_1.7.0/stm32cubeide/plugins/com.st.stm32cube.ide.mcu.externaltools.gnu-tools-for-stm32.9-2020-q2-update.win32_2.0.0.202105311346/tools/bin/../lib/gcc/arm-none-eabi/9.3.1/../../../../arm-none-eabi/lib/thumb/v7e-m+dp/hard\libc_nano.a(lib_a-memset.o)
 .ARM.attributes
                0x00000000000003f5       0x1e c:/st/stm32cubeide_1.7.0/stm32cubeide/plugins/com.st.stm32cube.ide.mcu.externaltools.gnu-tools-for-stm32.9-2020-q2-update.win32_2.0.0.202105311346/tools/bin/../lib/gcc/arm-none-eabi/9.3.1/thumb/v7e-m+dp/hard\libgcc.a(_aeabi_uldivmod.o)
 .ARM.attributes
                0x0000000000000413       0x32 c:/st/stm32cubeide_1.7.0/stm32cubeide/plugins/com.st.stm32cube.ide.mcu.externaltools.gnu-tools-for-stm32.9-2020-q2-update.win32_2.0.0.202105311346/tools/bin/../lib/gcc/arm-none-eabi/9.3.1/thumb/v7e-m+dp/hard\libgcc.a(_udivmoddi4.o)
 .ARM.attributes
                0x0000000000000445       0x1e c:/st/stm32cubeide_1.7.0/stm32cubeide/plugins/com.st.stm32cube.ide.mcu.externaltools.gnu-tools-for-stm32.9-2020-q2-update.win32_2.0.0.202105311346/tools/bin/../lib/gcc/arm-none-eabi/9.3.1/thumb/v7e-m+dp/hard\libgcc.a(_dvmd_tls.o)
 .ARM.attributes
                0x0000000000000463       0x1e c:/st/stm32cubeide_1.7.0/stm32cubeide/plugins/com.st.stm32cube.ide.mcu.externaltools.gnu-tools-for-stm32.9-2020-q2-update.win32_2.0.0.202105311346/tools/bin/../lib/gcc/arm-none-eabi/9.3.1/thumb/v7e-m+dp/hard/crtn.o
OUTPUT(PurplePizzaEaterH743.elf elf32-littlearm)
LOAD linker stubs
LOAD c:/st/stm32cubeide_1.7.0/stm32cubeide/plugins/com.st.stm32cube.ide.mcu.externaltools.gnu-tools-for-stm32.9-2020-q2-update.win32_2.0.0.202105311346/tools/bin/../lib/gcc/arm-none-eabi/9.3.1/../../../../arm-none-eabi/lib/thumb/v7e-m+dp/hard\libc.a
LOAD c:/st/stm32cubeide_1.7.0/stm32cubeide/plugins/com.st.stm32cube.ide.mcu.externaltools.gnu-tools-for-stm32.9-2020-q2-update.win32_2.0.0.202105311346/tools/bin/../lib/gcc/arm-none-eabi/9.3.1/../../../../arm-none-eabi/lib/thumb/v7e-m+dp/hard\libm.a
LOAD c:/st/stm32cubeide_1.7.0/stm32cubeide/plugins/com.st.stm32cube.ide.mcu.externaltools.gnu-tools-for-stm32.9-2020-q2-update.win32_2.0.0.202105311346/tools/bin/../lib/gcc/arm-none-eabi/9.3.1/thumb/v7e-m+dp/hard\libgcc.a

.debug_info     0x0000000000000000    0x1f0a0
 .debug_info    0x0000000000000000     0x3130 ./Core/Src/main.o
 .debug_info    0x0000000000003130     0x2e6e ./Core/Src/stm32h7xx_hal_msp.o
 .debug_info    0x0000000000005f9e      0xc21 ./Core/Src/stm32h7xx_it.o
 .debug_info    0x0000000000006bbf     0x1787 ./Core/Src/system_stm32h7xx.o
 .debug_info    0x0000000000008346       0x22 ./Core/Startup/startup_stm32h743zitx.o
 .debug_info    0x0000000000008368     0x1f9d ./Drivers/STM32H7xx_HAL_Driver/Src/stm32h7xx_hal.o
 .debug_info    0x000000000000a305     0x1c13 ./Drivers/STM32H7xx_HAL_Driver/Src/stm32h7xx_hal_cortex.o
 .debug_info    0x000000000000bf18     0x3294 ./Drivers/STM32H7xx_HAL_Driver/Src/stm32h7xx_hal_eth.o
 .debug_info    0x000000000000f1ac     0x17e6 ./Drivers/STM32H7xx_HAL_Driver/Src/stm32h7xx_hal_gpio.o
 .debug_info    0x0000000000010992     0x1c76 ./Drivers/STM32H7xx_HAL_Driver/Src/stm32h7xx_hal_pcd.o
 .debug_info    0x0000000000012608     0x1333 ./Drivers/STM32H7xx_HAL_Driver/Src/stm32h7xx_hal_pcd_ex.o
 .debug_info    0x000000000001393b     0x1b45 ./Drivers/STM32H7xx_HAL_Driver/Src/stm32h7xx_hal_pwr_ex.o
 .debug_info    0x0000000000015480     0x1951 ./Drivers/STM32H7xx_HAL_Driver/Src/stm32h7xx_hal_rcc.o
 .debug_info    0x0000000000016dd1     0x1d01 ./Drivers/STM32H7xx_HAL_Driver/Src/stm32h7xx_hal_rcc_ex.o
 .debug_info    0x0000000000018ad2     0x2937 ./Drivers/STM32H7xx_HAL_Driver/Src/stm32h7xx_hal_uart.o
 .debug_info    0x000000000001b409     0x178e ./Drivers/STM32H7xx_HAL_Driver/Src/stm32h7xx_hal_uart_ex.o
 .debug_info    0x000000000001cb97     0x2509 ./Drivers/STM32H7xx_HAL_Driver/Src/stm32h7xx_ll_usb.o

.debug_abbrev   0x0000000000000000     0x3022
 .debug_abbrev  0x0000000000000000      0x349 ./Core/Src/main.o
 .debug_abbrev  0x0000000000000349      0x2b6 ./Core/Src/stm32h7xx_hal_msp.o
 .debug_abbrev  0x00000000000005ff      0x1ef ./Core/Src/stm32h7xx_it.o
 .debug_abbrev  0x00000000000007ee      0x262 ./Core/Src/system_stm32h7xx.o
 .debug_abbrev  0x0000000000000a50       0x12 ./Core/Startup/startup_stm32h743zitx.o
 .debug_abbrev  0x0000000000000a62      0x31b ./Drivers/STM32H7xx_HAL_Driver/Src/stm32h7xx_hal.o
 .debug_abbrev  0x0000000000000d7d      0x409 ./Drivers/STM32H7xx_HAL_Driver/Src/stm32h7xx_hal_cortex.o
 .debug_abbrev  0x0000000000001186      0x328 ./Drivers/STM32H7xx_HAL_Driver/Src/stm32h7xx_hal_eth.o
 .debug_abbrev  0x00000000000014ae      0x2cb ./Drivers/STM32H7xx_HAL_Driver/Src/stm32h7xx_hal_gpio.o
 .debug_abbrev  0x0000000000001779      0x33a ./Drivers/STM32H7xx_HAL_Driver/Src/stm32h7xx_hal_pcd.o
 .debug_abbrev  0x0000000000001ab3      0x2e0 ./Drivers/STM32H7xx_HAL_Driver/Src/stm32h7xx_hal_pcd_ex.o
 .debug_abbrev  0x0000000000001d93      0x350 ./Drivers/STM32H7xx_HAL_Driver/Src/stm32h7xx_hal_pwr_ex.o
 .debug_abbrev  0x00000000000020e3      0x322 ./Drivers/STM32H7xx_HAL_Driver/Src/stm32h7xx_hal_rcc.o
 .debug_abbrev  0x0000000000002405      0x31d ./Drivers/STM32H7xx_HAL_Driver/Src/stm32h7xx_hal_rcc_ex.o
 .debug_abbrev  0x0000000000002722      0x309 ./Drivers/STM32H7xx_HAL_Driver/Src/stm32h7xx_hal_uart.o
 .debug_abbrev  0x0000000000002a2b      0x2a5 ./Drivers/STM32H7xx_HAL_Driver/Src/stm32h7xx_hal_uart_ex.o
 .debug_abbrev  0x0000000000002cd0      0x352 ./Drivers/STM32H7xx_HAL_Driver/Src/stm32h7xx_ll_usb.o

.debug_aranges  0x0000000000000000      0xef8
 .debug_aranges
                0x0000000000000000       0x50 ./Core/Src/main.o
 .debug_aranges
                0x0000000000000050       0x50 ./Core/Src/stm32h7xx_hal_msp.o
 .debug_aranges
                0x00000000000000a0       0x60 ./Core/Src/stm32h7xx_it.o
 .debug_aranges
                0x0000000000000100       0x28 ./Core/Src/system_stm32h7xx.o
 .debug_aranges
                0x0000000000000128       0x28 ./Core/Startup/startup_stm32h743zitx.o
 .debug_aranges
                0x0000000000000150      0x198 ./Drivers/STM32H7xx_HAL_Driver/Src/stm32h7xx_hal.o
 .debug_aranges
                0x00000000000002e8      0x120 ./Drivers/STM32H7xx_HAL_Driver/Src/stm32h7xx_hal_cortex.o
 .debug_aranges
                0x0000000000000408      0x1b0 ./Drivers/STM32H7xx_HAL_Driver/Src/stm32h7xx_hal_eth.o
 .debug_aranges
                0x00000000000005b8       0x58 ./Drivers/STM32H7xx_HAL_Driver/Src/stm32h7xx_hal_gpio.o
 .debug_aranges
                0x0000000000000610      0x130 ./Drivers/STM32H7xx_HAL_Driver/Src/stm32h7xx_hal_pcd.o
 .debug_aranges
                0x0000000000000740       0x60 ./Drivers/STM32H7xx_HAL_Driver/Src/stm32h7xx_hal_pcd_ex.o
 .debug_aranges
                0x00000000000007a0      0x158 ./Drivers/STM32H7xx_HAL_Driver/Src/stm32h7xx_hal_pwr_ex.o
 .debug_aranges
                0x00000000000008f8       0x88 ./Drivers/STM32H7xx_HAL_Driver/Src/stm32h7xx_hal_rcc.o
 .debug_aranges
                0x0000000000000980       0xf8 ./Drivers/STM32H7xx_HAL_Driver/Src/stm32h7xx_hal_rcc_ex.o
 .debug_aranges
                0x0000000000000a78      0x248 ./Drivers/STM32H7xx_HAL_Driver/Src/stm32h7xx_hal_uart.o
 .debug_aranges
                0x0000000000000cc0       0xa0 ./Drivers/STM32H7xx_HAL_Driver/Src/stm32h7xx_hal_uart_ex.o
 .debug_aranges
                0x0000000000000d60      0x198 ./Drivers/STM32H7xx_HAL_Driver/Src/stm32h7xx_ll_usb.o

.debug_ranges   0x0000000000000000      0xe20
 .debug_ranges  0x0000000000000000       0x40 ./Core/Src/main.o
 .debug_ranges  0x0000000000000040       0x40 ./Core/Src/stm32h7xx_hal_msp.o
 .debug_ranges  0x0000000000000080       0x50 ./Core/Src/stm32h7xx_it.o
 .debug_ranges  0x00000000000000d0       0x18 ./Core/Src/system_stm32h7xx.o
 .debug_ranges  0x00000000000000e8       0x20 ./Core/Startup/startup_stm32h743zitx.o
 .debug_ranges  0x0000000000000108      0x188 ./Drivers/STM32H7xx_HAL_Driver/Src/stm32h7xx_hal.o
 .debug_ranges  0x0000000000000290      0x110 ./Drivers/STM32H7xx_HAL_Driver/Src/stm32h7xx_hal_cortex.o
 .debug_ranges  0x00000000000003a0      0x1a0 ./Drivers/STM32H7xx_HAL_Driver/Src/stm32h7xx_hal_eth.o
 .debug_ranges  0x0000000000000540       0x48 ./Drivers/STM32H7xx_HAL_Driver/Src/stm32h7xx_hal_gpio.o
 .debug_ranges  0x0000000000000588      0x120 ./Drivers/STM32H7xx_HAL_Driver/Src/stm32h7xx_hal_pcd.o
 .debug_ranges  0x00000000000006a8       0x50 ./Drivers/STM32H7xx_HAL_Driver/Src/stm32h7xx_hal_pcd_ex.o
 .debug_ranges  0x00000000000006f8      0x148 ./Drivers/STM32H7xx_HAL_Driver/Src/stm32h7xx_hal_pwr_ex.o
 .debug_ranges  0x0000000000000840       0x78 ./Drivers/STM32H7xx_HAL_Driver/Src/stm32h7xx_hal_rcc.o
 .debug_ranges  0x00000000000008b8       0xe8 ./Drivers/STM32H7xx_HAL_Driver/Src/stm32h7xx_hal_rcc_ex.o
 .debug_ranges  0x00000000000009a0      0x268 ./Drivers/STM32H7xx_HAL_Driver/Src/stm32h7xx_hal_uart.o
 .debug_ranges  0x0000000000000c08       0x90 ./Drivers/STM32H7xx_HAL_Driver/Src/stm32h7xx_hal_uart_ex.o
 .debug_ranges  0x0000000000000c98      0x188 ./Drivers/STM32H7xx_HAL_Driver/Src/stm32h7xx_ll_usb.o

.debug_macro    0x0000000000000000    0x36a79
 .debug_macro   0x0000000000000000      0x30a ./Core/Src/main.o
 .debug_macro   0x000000000000030a      0xac0 ./Core/Src/main.o
 .debug_macro   0x0000000000000dca      0x23e ./Core/Src/main.o
 .debug_macro   0x0000000000001008       0x2e ./Core/Src/main.o
 .debug_macro   0x0000000000001036       0x3b ./Core/Src/main.o
 .debug_macro   0x0000000000001071       0x22 ./Core/Src/main.o
 .debug_macro   0x0000000000001093       0x8e ./Core/Src/main.o
 .debug_macro   0x0000000000001121       0x51 ./Core/Src/main.o
 .debug_macro   0x0000000000001172      0x103 ./Core/Src/main.o
 .debug_macro   0x0000000000001275       0x6a ./Core/Src/main.o
 .debug_macro   0x00000000000012df      0x1df ./Core/Src/main.o
 .debug_macro   0x00000000000014be       0x1c ./Core/Src/main.o
 .debug_macro   0x00000000000014da       0x22 ./Core/Src/main.o
 .debug_macro   0x00000000000014fc      0x101 ./Core/Src/main.o
 .debug_macro   0x00000000000015fd     0x1305 ./Core/Src/main.o
 .debug_macro   0x0000000000002902      0x11f ./Core/Src/main.o
 .debug_macro   0x0000000000002a21       0x27 ./Core/Src/main.o
 .debug_macro   0x0000000000002a48    0x253d1 ./Core/Src/main.o
 .debug_macro   0x0000000000027e19       0x43 ./Core/Src/main.o
 .debug_macro   0x0000000000027e5c     0x3cd3 ./Core/Src/main.o
 .debug_macro   0x000000000002bb2f      0x174 ./Core/Src/main.o
 .debug_macro   0x000000000002bca3       0x52 ./Core/Src/main.o
 .debug_macro   0x000000000002bcf5       0x17 ./Core/Src/main.o
 .debug_macro   0x000000000002bd0c       0x3c ./Core/Src/main.o
 .debug_macro   0x000000000002bd48       0x34 ./Core/Src/main.o
 .debug_macro   0x000000000002bd7c       0x16 ./Core/Src/main.o
 .debug_macro   0x000000000002bd92       0x43 ./Core/Src/main.o
 .debug_macro   0x000000000002bdd5       0x34 ./Core/Src/main.o
 .debug_macro   0x000000000002be09       0x10 ./Core/Src/main.o
 .debug_macro   0x000000000002be19       0x58 ./Core/Src/main.o
 .debug_macro   0x000000000002be71       0x71 ./Core/Src/main.o
 .debug_macro   0x000000000002bee2       0x1c ./Core/Src/main.o
 .debug_macro   0x000000000002befe      0x12a ./Core/Src/main.o
 .debug_macro   0x000000000002c028      0x333 ./Core/Src/main.o
 .debug_macro   0x000000000002c35b      0x1a9 ./Core/Src/main.o
 .debug_macro   0x000000000002c504       0x5d ./Core/Src/main.o
 .debug_macro   0x000000000002c561     0x2382 ./Core/Src/main.o
 .debug_macro   0x000000000002e8e3     0x1002 ./Core/Src/main.o
 .debug_macro   0x000000000002f8e5      0x14d ./Core/Src/main.o
 .debug_macro   0x000000000002fa32      0x117 ./Core/Src/main.o
 .debug_macro   0x000000000002fb49      0x3b2 ./Core/Src/main.o
 .debug_macro   0x000000000002fefb       0x27 ./Core/Src/main.o
 .debug_macro   0x000000000002ff22      0x72d ./Core/Src/main.o
 .debug_macro   0x000000000003064f      0x229 ./Core/Src/main.o
 .debug_macro   0x0000000000030878       0x66 ./Core/Src/main.o
 .debug_macro   0x00000000000308de      0x3bb ./Core/Src/main.o
 .debug_macro   0x0000000000030c99      0xa59 ./Core/Src/main.o
 .debug_macro   0x00000000000316f2      0x129 ./Core/Src/main.o
 .debug_macro   0x000000000003181b      0x3e5 ./Core/Src/main.o
 .debug_macro   0x0000000000031c00      0x275 ./Core/Src/main.o
 .debug_macro   0x0000000000031e75      0x3cb ./Core/Src/main.o
 .debug_macro   0x0000000000032240      0x408 ./Core/Src/main.o
 .debug_macro   0x0000000000032648       0x51 ./Core/Src/main.o
 .debug_macro   0x0000000000032699       0x4a ./Core/Src/main.o
 .debug_macro   0x00000000000326e3      0x22c ./Core/Src/main.o
 .debug_macro   0x000000000003290f       0x67 ./Core/Src/main.o
 .debug_macro   0x0000000000032976       0xa5 ./Core/Src/main.o
 .debug_macro   0x0000000000032a1b      0x1c5 ./Core/Src/main.o
 .debug_macro   0x0000000000032be0      0x25f ./Core/Src/main.o
 .debug_macro   0x0000000000032e3f       0x35 ./Core/Src/main.o
 .debug_macro   0x0000000000032e74      0x67e ./Core/Src/main.o
 .debug_macro   0x00000000000334f2       0xa6 ./Core/Src/main.o
 .debug_macro   0x0000000000033598      0x21e ./Core/Src/main.o
 .debug_macro   0x00000000000337b6       0x90 ./Core/Src/main.o
 .debug_macro   0x0000000000033846      0x5a0 ./Core/Src/main.o
 .debug_macro   0x0000000000033de6       0x64 ./Core/Src/main.o
 .debug_macro   0x0000000000033e4a       0x16 ./Core/Src/main.o
 .debug_macro   0x0000000000033e60       0x35 ./Core/Src/main.o
 .debug_macro   0x0000000000033e95       0x20 ./Core/Src/main.o
 .debug_macro   0x0000000000033eb5      0x2da ./Core/Src/stm32h7xx_hal_msp.o
 .debug_macro   0x000000000003418f      0x2e4 ./Core/Src/stm32h7xx_it.o
 .debug_macro   0x0000000000034473      0x2d1 ./Core/Src/system_stm32h7xx.o
 .debug_macro   0x0000000000034744      0x2f5 ./Drivers/STM32H7xx_HAL_Driver/Src/stm32h7xx_hal.o
 .debug_macro   0x0000000000034a39      0x2cb ./Drivers/STM32H7xx_HAL_Driver/Src/stm32h7xx_hal_cortex.o
 .debug_macro   0x0000000000034d04      0x358 ./Drivers/STM32H7xx_HAL_Driver/Src/stm32h7xx_hal_eth.o
 .debug_macro   0x000000000003505c      0x307 ./Drivers/STM32H7xx_HAL_Driver/Src/stm32h7xx_hal_gpio.o
 .debug_macro   0x0000000000035363      0x2d7 ./Drivers/STM32H7xx_HAL_Driver/Src/stm32h7xx_hal_pcd.o
 .debug_macro   0x000000000003563a      0x2cb ./Drivers/STM32H7xx_HAL_Driver/Src/stm32h7xx_hal_pcd_ex.o
 .debug_macro   0x0000000000035905      0x304 ./Drivers/STM32H7xx_HAL_Driver/Src/stm32h7xx_hal_pwr_ex.o
 .debug_macro   0x0000000000035c09      0x2ef ./Drivers/STM32H7xx_HAL_Driver/Src/stm32h7xx_hal_rcc.o
 .debug_macro   0x0000000000035ef8      0x2e9 ./Drivers/STM32H7xx_HAL_Driver/Src/stm32h7xx_hal_rcc_ex.o
 .debug_macro   0x00000000000361e1      0x2f6 ./Drivers/STM32H7xx_HAL_Driver/Src/stm32h7xx_hal_uart.o
 .debug_macro   0x00000000000364d7      0x2d7 ./Drivers/STM32H7xx_HAL_Driver/Src/stm32h7xx_hal_uart_ex.o
 .debug_macro   0x00000000000367ae      0x2cb ./Drivers/STM32H7xx_HAL_Driver/Src/stm32h7xx_ll_usb.o

.debug_line     0x0000000000000000    0x11a3f
 .debug_line    0x0000000000000000      0xaa2 ./Core/Src/main.o
 .debug_line    0x0000000000000aa2      0x9f6 ./Core/Src/stm32h7xx_hal_msp.o
 .debug_line    0x0000000000001498      0x963 ./Core/Src/stm32h7xx_it.o
 .debug_line    0x0000000000001dfb      0xa57 ./Core/Src/system_stm32h7xx.o
 .debug_line    0x0000000000002852       0x88 ./Core/Startup/startup_stm32h743zitx.o
 .debug_line    0x00000000000028da      0xe4e ./Drivers/STM32H7xx_HAL_Driver/Src/stm32h7xx_hal.o
 .debug_line    0x0000000000003728      0xe54 ./Drivers/STM32H7xx_HAL_Driver/Src/stm32h7xx_hal_cortex.o
 .debug_line    0x000000000000457c     0x1c5f ./Drivers/STM32H7xx_HAL_Driver/Src/stm32h7xx_hal_eth.o
 .debug_line    0x00000000000061db      0xd19 ./Drivers/STM32H7xx_HAL_Driver/Src/stm32h7xx_hal_gpio.o
 .debug_line    0x0000000000006ef4     0x14d0 ./Drivers/STM32H7xx_HAL_Driver/Src/stm32h7xx_hal_pcd.o
 .debug_line    0x00000000000083c4      0xa7c ./Drivers/STM32H7xx_HAL_Driver/Src/stm32h7xx_hal_pcd_ex.o
 .debug_line    0x0000000000008e40      0xf68 ./Drivers/STM32H7xx_HAL_Driver/Src/stm32h7xx_hal_pwr_ex.o
 .debug_line    0x0000000000009da8     0x139a ./Drivers/STM32H7xx_HAL_Driver/Src/stm32h7xx_hal_rcc.o
 .debug_line    0x000000000000b142     0x1b67 ./Drivers/STM32H7xx_HAL_Driver/Src/stm32h7xx_hal_rcc_ex.o
 .debug_line    0x000000000000cca9     0x248c ./Drivers/STM32H7xx_HAL_Driver/Src/stm32h7xx_hal_uart.o
 .debug_line    0x000000000000f135      0xe3c ./Drivers/STM32H7xx_HAL_Driver/Src/stm32h7xx_hal_uart_ex.o
 .debug_line    0x000000000000ff71     0x1ace ./Drivers/STM32H7xx_HAL_Driver/Src/stm32h7xx_ll_usb.o

.debug_str      0x0000000000000000   0x15c3c0
 .debug_str     0x0000000000000000   0x156de5 ./Core/Src/main.o
                                     0x1573fc (size before relaxing)
 .debug_str     0x0000000000156de5      0x39a ./Core/Src/stm32h7xx_hal_msp.o
                                     0x157370 (size before relaxing)
 .debug_str     0x000000000015717f       0xbd ./Core/Src/stm32h7xx_it.o
                                     0x155d61 (size before relaxing)
 .debug_str     0x000000000015723c      0x31e ./Core/Src/system_stm32h7xx.o
                                     0x156084 (size before relaxing)
 .debug_str     0x000000000015755a       0x36 ./Core/Startup/startup_stm32h743zitx.o
                                         0x7d (size before relaxing)
 .debug_str     0x0000000000157590      0xf09 ./Drivers/STM32H7xx_HAL_Driver/Src/stm32h7xx_hal.o
                                     0x156e95 (size before relaxing)
 .debug_str     0x0000000000158499      0x39f ./Drivers/STM32H7xx_HAL_Driver/Src/stm32h7xx_hal_cortex.o
                                     0x15699d (size before relaxing)
 .debug_str     0x0000000000158838     0x1033 ./Drivers/STM32H7xx_HAL_Driver/Src/stm32h7xx_hal_eth.o
                                     0x157756 (size before relaxing)
 .debug_str     0x000000000015986b      0x1ff ./Drivers/STM32H7xx_HAL_Driver/Src/stm32h7xx_hal_gpio.o
                                     0x156120 (size before relaxing)
 .debug_str     0x0000000000159a6a      0x530 ./Drivers/STM32H7xx_HAL_Driver/Src/stm32h7xx_hal_pcd.o
                                     0x156480 (size before relaxing)
 .debug_str     0x0000000000159f9a      0x1b4 ./Drivers/STM32H7xx_HAL_Driver/Src/stm32h7xx_hal_pcd_ex.o
                                     0x1560f9 (size before relaxing)
 .debug_str     0x000000000015a14e      0x63e ./Drivers/STM32H7xx_HAL_Driver/Src/stm32h7xx_hal_pwr_ex.o
                                     0x1564ee (size before relaxing)
 .debug_str     0x000000000015a78c      0x26c ./Drivers/STM32H7xx_HAL_Driver/Src/stm32h7xx_hal_rcc.o
                                     0x1563af (size before relaxing)
 .debug_str     0x000000000015a9f8      0x665 ./Drivers/STM32H7xx_HAL_Driver/Src/stm32h7xx_hal_rcc_ex.o
                                     0x156875 (size before relaxing)
 .debug_str     0x000000000015b05d      0x9e5 ./Drivers/STM32H7xx_HAL_Driver/Src/stm32h7xx_hal_uart.o
                                     0x156da7 (size before relaxing)
 .debug_str     0x000000000015ba42      0x2db ./Drivers/STM32H7xx_HAL_Driver/Src/stm32h7xx_hal_uart_ex.o
                                     0x1563cf (size before relaxing)
 .debug_str     0x000000000015bd1d      0x6a3 ./Drivers/STM32H7xx_HAL_Driver/Src/stm32h7xx_ll_usb.o
                                     0x156623 (size before relaxing)

.comment        0x0000000000000000       0x53
 .comment       0x0000000000000000       0x53 ./Core/Src/main.o
                                         0x54 (size before relaxing)
 .comment       0x0000000000000053       0x54 ./Core/Src/stm32h7xx_hal_msp.o
 .comment       0x0000000000000053       0x54 ./Core/Src/stm32h7xx_it.o
 .comment       0x0000000000000053       0x54 ./Core/Src/system_stm32h7xx.o
 .comment       0x0000000000000053       0x54 ./Drivers/STM32H7xx_HAL_Driver/Src/stm32h7xx_hal.o
 .comment       0x0000000000000053       0x54 ./Drivers/STM32H7xx_HAL_Driver/Src/stm32h7xx_hal_cortex.o
 .comment       0x0000000000000053       0x54 ./Drivers/STM32H7xx_HAL_Driver/Src/stm32h7xx_hal_eth.o
 .comment       0x0000000000000053       0x54 ./Drivers/STM32H7xx_HAL_Driver/Src/stm32h7xx_hal_gpio.o
 .comment       0x0000000000000053       0x54 ./Drivers/STM32H7xx_HAL_Driver/Src/stm32h7xx_hal_pcd.o
 .comment       0x0000000000000053       0x54 ./Drivers/STM32H7xx_HAL_Driver/Src/stm32h7xx_hal_pcd_ex.o
 .comment       0x0000000000000053       0x54 ./Drivers/STM32H7xx_HAL_Driver/Src/stm32h7xx_hal_pwr_ex.o
 .comment       0x0000000000000053       0x54 ./Drivers/STM32H7xx_HAL_Driver/Src/stm32h7xx_hal_rcc.o
 .comment       0x0000000000000053       0x54 ./Drivers/STM32H7xx_HAL_Driver/Src/stm32h7xx_hal_rcc_ex.o
 .comment       0x0000000000000053       0x54 ./Drivers/STM32H7xx_HAL_Driver/Src/stm32h7xx_hal_uart.o
 .comment       0x0000000000000053       0x54 ./Drivers/STM32H7xx_HAL_Driver/Src/stm32h7xx_hal_uart_ex.o
 .comment       0x0000000000000053       0x54 ./Drivers/STM32H7xx_HAL_Driver/Src/stm32h7xx_ll_usb.o

.debug_frame    0x0000000000000000     0x3f40
 .debug_frame   0x0000000000000000       0xe0 ./Core/Src/main.o
 .debug_frame   0x00000000000000e0      0x118 ./Core/Src/stm32h7xx_hal_msp.o
 .debug_frame   0x00000000000001f8      0x104 ./Core/Src/stm32h7xx_it.o
 .debug_frame   0x00000000000002fc       0x58 ./Core/Src/system_stm32h7xx.o
 .debug_frame   0x0000000000000354      0x690 ./Drivers/STM32H7xx_HAL_Driver/Src/stm32h7xx_hal.o
 .debug_frame   0x00000000000009e4      0x4b8 ./Drivers/STM32H7xx_HAL_Driver/Src/stm32h7xx_hal_cortex.o
 .debug_frame   0x0000000000000e9c      0x7d0 ./Drivers/STM32H7xx_HAL_Driver/Src/stm32h7xx_hal_eth.o
 .debug_frame   0x000000000000166c      0x14c ./Drivers/STM32H7xx_HAL_Driver/Src/stm32h7xx_hal_gpio.o
 .debug_frame   0x00000000000017b8      0x54c ./Drivers/STM32H7xx_HAL_Driver/Src/stm32h7xx_hal_pcd.o
 .debug_frame   0x0000000000001d04      0x174 ./Drivers/STM32H7xx_HAL_Driver/Src/stm32h7xx_hal_pcd_ex.o
 .debug_frame   0x0000000000001e78      0x580 ./Drivers/STM32H7xx_HAL_Driver/Src/stm32h7xx_hal_pwr_ex.o
 .debug_frame   0x00000000000023f8      0x1f8 ./Drivers/STM32H7xx_HAL_Driver/Src/stm32h7xx_hal_rcc.o
 .debug_frame   0x00000000000025f0      0x3f4 ./Drivers/STM32H7xx_HAL_Driver/Src/stm32h7xx_hal_rcc_ex.o
 .debug_frame   0x00000000000029e4      0xa7c ./Drivers/STM32H7xx_HAL_Driver/Src/stm32h7xx_hal_uart.o
 .debug_frame   0x0000000000003460      0x29c ./Drivers/STM32H7xx_HAL_Driver/Src/stm32h7xx_hal_uart_ex.o
 .debug_frame   0x00000000000036fc      0x798 ./Drivers/STM32H7xx_HAL_Driver/Src/stm32h7xx_ll_usb.o
 .debug_frame   0x0000000000003e94       0x2c c:/st/stm32cubeide_1.7.0/stm32cubeide/plugins/com.st.stm32cube.ide.mcu.externaltools.gnu-tools-for-stm32.9-2020-q2-update.win32_2.0.0.202105311346/tools/bin/../lib/gcc/arm-none-eabi/9.3.1/../../../../arm-none-eabi/lib/thumb/v7e-m+dp/hard\libc_nano.a(lib_a-init.o)
 .debug_frame   0x0000000000003ec0       0x20 c:/st/stm32cubeide_1.7.0/stm32cubeide/plugins/com.st.stm32cube.ide.mcu.externaltools.gnu-tools-for-stm32.9-2020-q2-update.win32_2.0.0.202105311346/tools/bin/../lib/gcc/arm-none-eabi/9.3.1/../../../../arm-none-eabi/lib/thumb/v7e-m+dp/hard\libc_nano.a(lib_a-memset.o)
 .debug_frame   0x0000000000003ee0       0x2c c:/st/stm32cubeide_1.7.0/stm32cubeide/plugins/com.st.stm32cube.ide.mcu.externaltools.gnu-tools-for-stm32.9-2020-q2-update.win32_2.0.0.202105311346/tools/bin/../lib/gcc/arm-none-eabi/9.3.1/thumb/v7e-m+dp/hard\libgcc.a(_aeabi_uldivmod.o)
 .debug_frame   0x0000000000003f0c       0x34 c:/st/stm32cubeide_1.7.0/stm32cubeide/plugins/com.st.stm32cube.ide.mcu.externaltools.gnu-tools-for-stm32.9-2020-q2-update.win32_2.0.0.202105311346/tools/bin/../lib/gcc/arm-none-eabi/9.3.1/thumb/v7e-m+dp/hard\libgcc.a(_udivmoddi4.o)
